NAME
       foo

SYNOPSIS
       foo [OPTION]... 

OPTIONS
       --arg=VAL (absent=foo)

       --help[=FMT] (default=auto)
           Show this help in format FMT. The value FMT must be one of `auto',
           `pager', `groff' or `plain'. With `auto', the format is `pager` or
           `plain' whenever the TERM env var is `dumb' or undefined.

